
> codegym@1.0.0 test
> jest --detectOpenHandles --forceExit tests/integration/boardApi.test.js

≡ƒÜÇ Setting up test database...
node.exe : (node:34840) [MONGODB DRIVER] Warning: useNewUrlParser is a deprecated option: useNewUrlParser has no 
effect since Node.js Driver version 4.0.0 and will be removed in the next major version
At C:\Program Files\nodejs\npm.ps1:29 char:3
+   & $NODE_EXE $NPM_CLI_JS $args
+   ~~~~~~~~~~~~~~~~~~~~~~~~~~~~~
    + CategoryInfo          : NotSpecified: ((node:34840) [M...t major version:String) [], RemoteException
    + FullyQualifiedErrorId : NativeCommandError
 
(Use `node --trace-warnings ...` to show where the warning was created)
(node:34840) [MONGODB DRIVER] Warning: useUnifiedTopology is a deprecated option: useUnifiedTopology has no effect 
since Node.js Driver version 4.0.0 and will be removed in the next major version
Γ£à Test database connected successfully
Γ£à Database ping successful
  console.log
    [dotenv@17.2.2] injecting env (7) from env.test -- tip: ΓÜÖ∩╕Å  enable debug logging with { debug: true }

      at _log (node_modules/dotenv/lib/main.js:139:11)

  console.log
    ≡ƒº¬ Setting up test environment...

      at Object.log (tests/setup.js:24:11)

  console.log
    Γ£à Created test board: 68ff37290bd01d214dc44c51

      at Object.log (tests/integration/boardApi.test.js:87:15)

  console.log
    Γ£à Created template for cloning: 68ff372a0bd01d214dc44c5f

      at Object.log (tests/integration/boardApi.test.js:196:17)

  console.log
    ΓÜÖ∩╕Å Configure settings response:

      at Object.log (tests/integration/boardApi.test.js:289:15)

  console.log
      Status: 400

      at Object.log (tests/integration/boardApi.test.js:290:15)

  console.log
      Success: false

      at Object.log (tests/integration/boardApi.test.js:291:15)

  console.log
      Message: columnRepo.softDeleteManyByBoard is not a function

      at Object.log (tests/integration/boardApi.test.js:292:15)

  console.log
      Error: undefined

      at Object.log (tests/integration/boardApi.test.js:293:15)

  console.error
    Γ¥î Test will fail - response not 200

      294 |       
      295 |       if (res.status !== 200) {
    > 296 |         console.error('Γ¥î Test will fail - response not 200');
          |                 ^
      297 |       }
      298 |       
      299 |       expect(res.status).toBe(200);

      at Object.error (tests/integration/boardApi.test.js:296:17)

  console.log
    ≡ƒôè Board saved to database: new ObjectId('68ff372a0bd01d214dc44c80')

      at Object.log (tests/integration/boardApi.test.js:334:15)

  console.log
    ≡ƒôè Test data preserved in database

      at Object.log (tests/integration/boardApi.test.js:57:13)

  console.log
    ≡ƒöì You can inspect the data in MongoDB

      at Object.log (tests/integration/boardApi.test.js:58:13)

  console.log
    ≡ƒº╣ Cleaning up test environment...

      at Object.log (tests/setup.js:28:11)

FAIL tests/integration/boardApi.test.js
  ≡ƒö╣ Board API Integration Tests
    POST /api/boards - Create Board
      ΓêÜ Γ£à should create board with real data (469 ms)
      ΓêÜ Γ¥î should reject board without title (11 ms)
    GET /api/boards/my - List My Boards
      ΓêÜ Γ£à should return user's boards from database (116 ms)
    GET /api/boards/:id - Get Board Detail
      ΓêÜ Γ£à should return board detail from database (33 ms)
      ΓêÜ Γ¥î should return 404 for non-existent board (35 ms)
    PUT /api/boards/:id - Update Board
      ΓêÜ Γ£à should update board in database (93 ms)
      ΓêÜ Γ£à should verify update in database (33 ms)
    POST /api/boards/clone/:templateId - Clone Board
      ΓêÜ Γ£à should clone board from template (339 ms)
      ΓêÜ Γ¥î should reject clone without title (11 ms)
    PUT /api/boards/:id/settings - Configure Settings
      ├ù Γ£à should configure board settings (149 ms)
    Database Operations
      ΓêÜ Γ£à should handle database connection (1 ms)
      ΓêÜ Γ£à should create and query boards (72 ms)
    Error Handling with Real Database
      ΓêÜ Γ¥î should handle invalid ObjectId (8 ms)
      ΓêÜ Γ¥î should handle database connection issues gracefully (149 ms)

  ΓùÅ ≡ƒö╣ Board API Integration Tests ΓÇ║ PUT /api/boards/:id/settings - Configure Settings ΓÇ║ Γ£à should configure 
board settings

    expect(received).toBe(expected) // Object.is equality

    Expected: 200
    Received: 400

      297 |       }
      298 |       
    > 299 |       expect(res.status).toBe(200);
          |                          ^
      300 |       expect(res.body).toHaveProperty('success');
      301 |       expect(res.body).toHaveProperty('message');
      302 |       expect(res.body).toHaveProperty('data');

      at Object.toBe (tests/integration/boardApi.test.js:299:26)

Test Suites: 1 failed, 1 total
Tests:       1 failed, 13 passed, 14 total
Snapshots:   0 total
Time:        2.968 s, estimated 3 s
Ran all test suites matching tests/integration/boardApi.test.js.
≡ƒº╣ Cleaning up test database connections...
≡ƒôè Database collections preserved
Γ£à Test data kept for inspection
Γ£à Test database connection closed
